GAS LISTING numprint.s 			page 1


   1              	.globl _start
   2              	
   3              	NUM  		= 35
   4              	BASE        = 16
   5              	DIGIT_COUNT = 0
   6              	
   7              	EXIT 	 = 60
   8              	WRITE 	 = 1
   9              	SYS_OUT  = 1
  10              	SYMB_LEN = 1
  11              	
  12              	.data
  13 0000 2E       	    a:			.ascii	"."
  14              	
  15              	.text
  16              	_start:
  17 0000 48C7C023 	    movq    $NUM,   %rax    
  17      000000
  18 0007 48C7C110 	    movq    $BASE,  %rcx
  18      000000
  19 000e 4831DB   	    xor     %rbx,   %rbx
  20 0011 4831D2   	    xor	    %rdx,	%rdx
  21              	
  22              	_loop:
  23              	# rax = rdx:rax / rbx
  24              	# rdx = rdx:rax % rbx
  25 0014 48F7F1   	    div     %rcx
  26 0017 52       	    push    %rdx
  27 0018 4831D2   	    xor	    %rdx,	%rdx
  28 001b 48FFC3   	    inc     %rbx
  29 001e 4883F800 	    cmp     $0,     %rax
  30 0022 75F0     	    jne    _loop
  31              	
  32              	
  33              	pr_loop:
  34 0024 59       	    popq    %rcx
  35 0025 6683C130 	    add     $0x30,  %cx
  36 0029 6683F90A 	    cmp     $10,    %cx
  37 002d 7704     	    ja      cont
  38 002f 6683C107 	    add     $7,  %cx
  39              	
  40              	cont:
  41 0033 66890C25 	    mov 	%cx,	 a
  41      00000000 
  42 003b 48C7C600 		mov		$a, 	%rsi	
  42      000000
  43 0042 48C7C001 	    mov		$WRITE, 	%rax
  43      000000
  44 0049 48C7C701 		mov		$SYS_OUT, 	%rdi
  44      000000
  45 0050 48C7C201 		mov		$SYMB_LEN,	%rdx
  45      000000
  46 0057 0F05     		syscall
  47              	
  48 0059 48FFCB   	    dec     %rbx
  49 005c 4883FB00 	    cmp     $0,  %rbx
  50 0060 75C2     	    jne     pr_loop
GAS LISTING numprint.s 			page 2


  51              	
  52 0062 48C7C03C 	    movq    $EXIT,  %rax
  52      000000
  53 0069 0F05     		syscall
  54              		
  55              		
GAS LISTING numprint.s 			page 3


DEFINED SYMBOLS
          numprint.s:16     .text:0000000000000000 _start
          numprint.s:3      *ABS*:0000000000000023 NUM
          numprint.s:4      *ABS*:0000000000000010 BASE
          numprint.s:5      *ABS*:0000000000000000 DIGIT_COUNT
          numprint.s:7      *ABS*:000000000000003c EXIT
          numprint.s:8      *ABS*:0000000000000001 WRITE
          numprint.s:9      *ABS*:0000000000000001 SYS_OUT
          numprint.s:10     *ABS*:0000000000000001 SYMB_LEN
          numprint.s:13     .data:0000000000000000 a
          numprint.s:22     .text:0000000000000014 _loop
          numprint.s:33     .text:0000000000000024 pr_loop
          numprint.s:40     .text:0000000000000033 cont

NO UNDEFINED SYMBOLS
